// Jest Snapshot v1, https://goo.gl/fbAQLP

exports[`snapshot test Y axis Label of Chart 1`] = `
<div>
  <a>
    <div
      className="y-axis-label"
    >
      <h5
        className="MuiTypography-root title MuiTypography-h5 MuiTypography-colorPrimary"
      >
        title
      </h5>
      <i
        aria-haspopup="true"
        className="fas fa-info-circle"
        onMouseEnter={[Function]}
        onMouseLeave={[Function]}
      />
    </div>
  </a>
</div>
`;
