// Jest Snapshot v1, https://goo.gl/fbAQLP

exports[`snapshot test of launch card 1`] = `
<div
  className="MuiPaper-root MuiPaper-elevation1 MuiCard-root makeStyles-card-1 MuiPaper-rounded"
  onClick={[Function]}
>
  <div
    className="MuiCardContent-root makeStyles-cardContent-2"
  >
    <div
      className="flag-group"
    >
      <img
        className="makeStyles-flag-3"
        src="data:image/svg+xml,%3Csvg xmlns='http://www.w3.org/2000/svg' xmlns:xlink='http://www.w3.org/1999/xlink' viewBox='0 0 7410 3900'%3E %3Crect width='7410' height='3900' fill='%23b22234'/%3E %3Cpath d='M0,450H7410m0,600H0m0,600H7410m0,600H0m0,600H7410m0,600H0' stroke='%23fff' stroke-width='300'/%3E %3Crect width='2964' height='2100' fill='%233c3b6e'/%3E %3Cg fill='%23fff'%3E %3Cg id='s18'%3E %3Cg id='s9'%3E %3Cg id='s5'%3E %3Cg id='s4'%3E %3Cpath id='s' d='M247,90 317.534230,307.082039 132.873218,172.917961H361.126782L176.465770,307.082039z'/%3E %3Cuse xlink:href='%23s' y='420'/%3E %3Cuse xlink:href='%23s' y='840'/%3E %3Cuse xlink:href='%23s' y='1260'/%3E %3C/g%3E %3Cuse xlink:href='%23s' y='1680'/%3E %3C/g%3E %3Cuse xlink:href='%23s4' x='247' y='210'/%3E %3C/g%3E %3Cuse xlink:href='%23s9' x='494'/%3E %3C/g%3E %3Cuse xlink:href='%23s18' x='988'/%3E %3Cuse xlink:href='%23s9' x='1976'/%3E %3Cuse xlink:href='%23s5' x='2470'/%3E %3C/g%3E %3C/svg%3E"
      />
    </div>
    <h2
      className="mission-name"
    >
      RockLaun
    </h2>
    <div
      className="launch-date"
    >
      <i
        className="fas fa-check-circle pass"
      />
      <span
        className="date"
      >
        2019-07-11
      </span>
    </div>
    <div
      className="rocket-row"
    >
      <i
        className="far fa-space-shuttle"
      />
      <span
        className="rocket-text"
      >
        Falcon
      </span>
    </div>
    <div
      className="payload"
    >
      <i
        className="fal fa-satellite"
      />
    </div>
  </div>
</div>
`;
